// Jest Snapshot v1, https://goo.gl/fbAQLP

exports[`BeerSearchForm component should have render correctly 1`] = `
<BeerSearchForm
  fetchBeers={[Function]}
  searchBeers={[Function]}
>
  <form>
    <Input
      className="input"
      labelText="Beer name"
      name="beerName"
      onChange={[Function]}
      placeholder="Text input"
      type="text"
    >
      <div
        className="field"
      >
        <label
          className="label"
          htmlFor="beerName"
        >
          Beer name
        </label>
        <div
          className="control"
        >
          <input
            className="input"
            id="beerName"
            name="beerName"
            onChange={[Function]}
            placeholder="Text input"
            type="text"
          />
        </div>
      </div>
    </Input>
  </form>
</BeerSearchForm>
`;
